Archive member included to satisfy reference by file (symbol)

c:/program files (x86)/atmel/studio/7.0/toolchain/avr8/avr8-gnu-toolchain/bin/../lib/gcc/avr/5.4.0/../../../../avr/lib/avr5\libm.a(addsf3.o)
                              HAL/PWM/src/PWM.o (__subsf3)
c:/program files (x86)/atmel/studio/7.0/toolchain/avr8/avr8-gnu-toolchain/bin/../lib/gcc/avr/5.4.0/../../../../avr/lib/avr5\libm.a(addsf3x.o)
                              c:/program files (x86)/atmel/studio/7.0/toolchain/avr8/avr8-gnu-toolchain/bin/../lib/gcc/avr/5.4.0/../../../../avr/lib/avr5\libm.a(addsf3.o) (__addsf3x)
c:/program files (x86)/atmel/studio/7.0/toolchain/avr8/avr8-gnu-toolchain/bin/../lib/gcc/avr/5.4.0/../../../../avr/lib/avr5\libm.a(divsf3.o)
                              HAL/PWM/src/PWM.o (__divsf3)
c:/program files (x86)/atmel/studio/7.0/toolchain/avr8/avr8-gnu-toolchain/bin/../lib/gcc/avr/5.4.0/../../../../avr/lib/avr5\libm.a(divsf3x.o)
                              c:/program files (x86)/atmel/studio/7.0/toolchain/avr8/avr8-gnu-toolchain/bin/../lib/gcc/avr/5.4.0/../../../../avr/lib/avr5\libm.a(divsf3.o) (__divsf3x)
c:/program files (x86)/atmel/studio/7.0/toolchain/avr8/avr8-gnu-toolchain/bin/../lib/gcc/avr/5.4.0/../../../../avr/lib/avr5\libm.a(fixunssfsi.o)
                              HAL/PWM/src/PWM.o (__fixunssfsi)
c:/program files (x86)/atmel/studio/7.0/toolchain/avr8/avr8-gnu-toolchain/bin/../lib/gcc/avr/5.4.0/../../../../avr/lib/avr5\libm.a(floatsisf.o)
                              HAL/PWM/src/PWM.o (__floatunsisf)
c:/program files (x86)/atmel/studio/7.0/toolchain/avr8/avr8-gnu-toolchain/bin/../lib/gcc/avr/5.4.0/../../../../avr/lib/avr5\libm.a(fp_inf.o)
                              c:/program files (x86)/atmel/studio/7.0/toolchain/avr8/avr8-gnu-toolchain/bin/../lib/gcc/avr/5.4.0/../../../../avr/lib/avr5\libm.a(addsf3x.o) (__fp_inf)
c:/program files (x86)/atmel/studio/7.0/toolchain/avr8/avr8-gnu-toolchain/bin/../lib/gcc/avr/5.4.0/../../../../avr/lib/avr5\libm.a(fp_nan.o)
                              c:/program files (x86)/atmel/studio/7.0/toolchain/avr8/avr8-gnu-toolchain/bin/../lib/gcc/avr/5.4.0/../../../../avr/lib/avr5\libm.a(addsf3x.o) (__fp_nan)
c:/program files (x86)/atmel/studio/7.0/toolchain/avr8/avr8-gnu-toolchain/bin/../lib/gcc/avr/5.4.0/../../../../avr/lib/avr5\libm.a(fp_pscA.o)
                              c:/program files (x86)/atmel/studio/7.0/toolchain/avr8/avr8-gnu-toolchain/bin/../lib/gcc/avr/5.4.0/../../../../avr/lib/avr5\libm.a(addsf3x.o) (__fp_pscA)
c:/program files (x86)/atmel/studio/7.0/toolchain/avr8/avr8-gnu-toolchain/bin/../lib/gcc/avr/5.4.0/../../../../avr/lib/avr5\libm.a(fp_pscB.o)
                              c:/program files (x86)/atmel/studio/7.0/toolchain/avr8/avr8-gnu-toolchain/bin/../lib/gcc/avr/5.4.0/../../../../avr/lib/avr5\libm.a(addsf3x.o) (__fp_pscB)
c:/program files (x86)/atmel/studio/7.0/toolchain/avr8/avr8-gnu-toolchain/bin/../lib/gcc/avr/5.4.0/../../../../avr/lib/avr5\libm.a(fp_round.o)
                              c:/program files (x86)/atmel/studio/7.0/toolchain/avr8/avr8-gnu-toolchain/bin/../lib/gcc/avr/5.4.0/../../../../avr/lib/avr5\libm.a(addsf3.o) (__fp_round)
c:/program files (x86)/atmel/studio/7.0/toolchain/avr8/avr8-gnu-toolchain/bin/../lib/gcc/avr/5.4.0/../../../../avr/lib/avr5\libm.a(fp_split3.o)
                              c:/program files (x86)/atmel/studio/7.0/toolchain/avr8/avr8-gnu-toolchain/bin/../lib/gcc/avr/5.4.0/../../../../avr/lib/avr5\libm.a(addsf3x.o) (__fp_split3)
c:/program files (x86)/atmel/studio/7.0/toolchain/avr8/avr8-gnu-toolchain/bin/../lib/gcc/avr/5.4.0/../../../../avr/lib/avr5\libm.a(fp_zero.o)
                              c:/program files (x86)/atmel/studio/7.0/toolchain/avr8/avr8-gnu-toolchain/bin/../lib/gcc/avr/5.4.0/../../../../avr/lib/avr5\libm.a(addsf3x.o) (__fp_zero)
c:/program files (x86)/atmel/studio/7.0/toolchain/avr8/avr8-gnu-toolchain/bin/../lib/gcc/avr/5.4.0/../../../../avr/lib/avr5\libm.a(mulsf3.o)
                              HAL/PWM/src/PWM.o (__mulsf3)
c:/program files (x86)/atmel/studio/7.0/toolchain/avr8/avr8-gnu-toolchain/bin/../lib/gcc/avr/5.4.0/../../../../avr/lib/avr5\libm.a(mulsf3x.o)
                              c:/program files (x86)/atmel/studio/7.0/toolchain/avr8/avr8-gnu-toolchain/bin/../lib/gcc/avr/5.4.0/../../../../avr/lib/avr5\libm.a(mulsf3.o) (__mulsf3x)
c:/program files (x86)/atmel/studio/7.0/toolchain/avr8/avr8-gnu-toolchain/bin/../lib/gcc/avr/5.4.0/avr5\libgcc.a(_udivmodsi4.o)
                              HAL/Ultrasonic/src/Ultrasonic.o (__udivmodsi4)
c:/program files (x86)/atmel/studio/7.0/toolchain/avr8/avr8-gnu-toolchain/bin/../lib/gcc/avr/5.4.0/avr5\libgcc.a(_exit.o)
                              c:/program files (x86)/atmel/studio/7.0/toolchain/avr8/avr8-gnu-toolchain/bin/../lib/gcc/avr/5.4.0/../../../../avr/lib/avr5/crtatmega32.o (exit)
c:/program files (x86)/atmel/studio/7.0/toolchain/avr8/avr8-gnu-toolchain/bin/../lib/gcc/avr/5.4.0/avr5\libgcc.a(_copy_data.o)
                              HAL/Keypad/src/Keypad.o (__do_copy_data)
c:/program files (x86)/atmel/studio/7.0/toolchain/avr8/avr8-gnu-toolchain/bin/../lib/gcc/avr/5.4.0/avr5\libgcc.a(_clear_bss.o)
                              HAL/Ultrasonic/src/Ultrasonic.o (__do_clear_bss)
c:/program files (x86)/atmel/studio/7.0/toolchain/avr8/avr8-gnu-toolchain/bin/../lib/gcc/avr/5.4.0/avr5\libgcc.a(_muluhisi3.o)
                              HAL/Ultrasonic/src/Ultrasonic.o (__muluhisi3)
c:/program files (x86)/atmel/studio/7.0/toolchain/avr8/avr8-gnu-toolchain/bin/../lib/gcc/avr/5.4.0/avr5\libgcc.a(_umulhisi3.o)
                              c:/program files (x86)/atmel/studio/7.0/toolchain/avr8/avr8-gnu-toolchain/bin/../lib/gcc/avr/5.4.0/avr5\libgcc.a(_muluhisi3.o) (__umulhisi3)
c:/program files (x86)/atmel/studio/7.0/toolchain/avr8/avr8-gnu-toolchain/bin/../lib/gcc/avr/5.4.0/../../../../avr/lib/avr5\libc.a(itoa_ncheck.o)
                              main.o (__itoa_ncheck)
c:/program files (x86)/atmel/studio/7.0/toolchain/avr8/avr8-gnu-toolchain/bin/../lib/gcc/avr/5.4.0/../../../../avr/lib/avr5\libc.a(utoa_ncheck.o)
                              c:/program files (x86)/atmel/studio/7.0/toolchain/avr8/avr8-gnu-toolchain/bin/../lib/gcc/avr/5.4.0/../../../../avr/lib/avr5\libc.a(itoa_ncheck.o) (__utoa_common)
c:/program files (x86)/atmel/studio/7.0/toolchain/avr8/avr8-gnu-toolchain/bin/../lib/gcc/avr/5.4.0/../../../../avr/lib/avr5\libc.a(strrev.o)
                              c:/program files (x86)/atmel/studio/7.0/toolchain/avr8/avr8-gnu-toolchain/bin/../lib/gcc/avr/5.4.0/../../../../avr/lib/avr5\libc.a(utoa_ncheck.o) (strrev)
c:/program files (x86)/atmel/studio/7.0/toolchain/avr8/avr8-gnu-toolchain/bin/../lib/gcc/avr/5.4.0/../../../../avr/lib/avr5\libatmega32.a(eerd_block.o)
                              main.o (eeprom_read_block)
c:/program files (x86)/atmel/studio/7.0/toolchain/avr8/avr8-gnu-toolchain/bin/../lib/gcc/avr/5.4.0/../../../../avr/lib/avr5\libatmega32.a(eewr_block.o)
                              main.o (eeprom_write_block)
c:/program files (x86)/atmel/studio/7.0/toolchain/avr8/avr8-gnu-toolchain/bin/../lib/gcc/avr/5.4.0/../../../../avr/lib/avr5\libatmega32.a(eewr_byte.o)
                              c:/program files (x86)/atmel/studio/7.0/toolchain/avr8/avr8-gnu-toolchain/bin/../lib/gcc/avr/5.4.0/../../../../avr/lib/avr5\libatmega32.a(eewr_block.o) (eeprom_write_r18)

Discarded input sections

 .data          0x00000000        0x0 c:/program files (x86)/atmel/studio/7.0/toolchain/avr8/avr8-gnu-toolchain/bin/../lib/gcc/avr/5.4.0/../../../../avr/lib/avr5/crtatmega32.o
 .bss           0x00000000        0x0 c:/program files (x86)/atmel/studio/7.0/toolchain/avr8/avr8-gnu-toolchain/bin/../lib/gcc/avr/5.4.0/../../../../avr/lib/avr5/crtatmega32.o
 .text          0x00000000        0x0 EEPROM/src/EEPROM.o
 .data          0x00000000        0x0 EEPROM/src/EEPROM.o
 .bss           0x00000000        0x0 EEPROM/src/EEPROM.o
 .text.EEPROM_WriteByte
                0x00000000       0x40 EEPROM/src/EEPROM.o
 .text.EEPROM_ReadByte
                0x00000000       0x62 EEPROM/src/EEPROM.o
 .debug_info    0x00000000      0x242 EEPROM/src/EEPROM.o
 .debug_abbrev  0x00000000       0xd2 EEPROM/src/EEPROM.o
 .debug_loc     0x00000000      0x272 EEPROM/src/EEPROM.o
 .debug_aranges
                0x00000000       0x28 EEPROM/src/EEPROM.o
 .debug_ranges  0x00000000       0x18 EEPROM/src/EEPROM.o
 .debug_line    0x00000000       0xde EEPROM/src/EEPROM.o
 .debug_str     0x00000000      0x1f8 EEPROM/src/EEPROM.o
 .comment       0x00000000       0x31 EEPROM/src/EEPROM.o
 .debug_frame   0x00000000       0x60 EEPROM/src/EEPROM.o
 .text          0x00000000        0x0 HAL/Bluetooth/src/Bluetooth.o
 .data          0x00000000        0x0 HAL/Bluetooth/src/Bluetooth.o
 .bss           0x00000000        0x0 HAL/Bluetooth/src/Bluetooth.o
 .text.Bluetooth_Init
                0x00000000        0x6 HAL/Bluetooth/src/Bluetooth.o
 .text.Bluetooth_Transmit
                0x00000000        0x6 HAL/Bluetooth/src/Bluetooth.o
 .text.Bluetooth_TransmitString
                0x00000000        0x6 HAL/Bluetooth/src/Bluetooth.o
 .text.Bluetooth_Receive
                0x00000000        0x6 HAL/Bluetooth/src/Bluetooth.o
 .debug_info    0x00000000      0x360 HAL/Bluetooth/src/Bluetooth.o
 .debug_abbrev  0x00000000      0x105 HAL/Bluetooth/src/Bluetooth.o
 .debug_loc     0x00000000       0x6d HAL/Bluetooth/src/Bluetooth.o
 .debug_aranges
                0x00000000       0x38 HAL/Bluetooth/src/Bluetooth.o
 .debug_ranges  0x00000000       0x28 HAL/Bluetooth/src/Bluetooth.o
 .debug_line    0x00000000       0xe4 HAL/Bluetooth/src/Bluetooth.o
 .debug_str     0x00000000      0x47d HAL/Bluetooth/src/Bluetooth.o
 .comment       0x00000000       0x31 HAL/Bluetooth/src/Bluetooth.o
 .debug_frame   0x00000000       0x54 HAL/Bluetooth/src/Bluetooth.o
 .text          0x00000000        0x0 HAL/Keypad/src/Keypad.o
 .data          0x00000000        0x0 HAL/Keypad/src/Keypad.o
 .bss           0x00000000        0x0 HAL/Keypad/src/Keypad.o
 .text.Keypad_Init
                0x00000000       0x6e HAL/Keypad/src/Keypad.o
 .text.GetKey   0x00000000       0xb8 HAL/Keypad/src/Keypad.o
 .data.keypad   0x00000000       0x10 HAL/Keypad/src/Keypad.o
 .data.keypadCols
                0x00000000        0x4 HAL/Keypad/src/Keypad.o
 .data.keypadRows
                0x00000000        0x4 HAL/Keypad/src/Keypad.o
 .debug_info    0x00000000      0x2fd HAL/Keypad/src/Keypad.o
 .debug_abbrev  0x00000000      0x103 HAL/Keypad/src/Keypad.o
 .debug_loc     0x00000000      0x256 HAL/Keypad/src/Keypad.o
 .debug_aranges
                0x00000000       0x28 HAL/Keypad/src/Keypad.o
 .debug_ranges  0x00000000       0x18 HAL/Keypad/src/Keypad.o
 .debug_line    0x00000000      0x157 HAL/Keypad/src/Keypad.o
 .debug_str     0x00000000      0x388 HAL/Keypad/src/Keypad.o
 .comment       0x00000000       0x31 HAL/Keypad/src/Keypad.o
 .debug_frame   0x00000000       0x9c HAL/Keypad/src/Keypad.o
 .text          0x00000000        0x0 HAL/LCD/src/LCD.o
 .data          0x00000000        0x0 HAL/LCD/src/LCD.o
 .bss           0x00000000        0x0 HAL/LCD/src/LCD.o
 .text.LCD_SetPos
                0x00000000       0x22 HAL/LCD/src/LCD.o
 .text.LCD_Custome_Char
                0x00000000       0x36 HAL/LCD/src/LCD.o
 .text          0x00000000        0x0 HAL/LM35/src/LM35.o
 .data          0x00000000        0x0 HAL/LM35/src/LM35.o
 .bss           0x00000000        0x0 HAL/LM35/src/LM35.o
 .text.LM35_Init
                0x00000000        0x6 HAL/LM35/src/LM35.o
 .text.LM35_Read
                0x00000000        0x6 HAL/LM35/src/LM35.o
 .debug_info    0x00000000      0x1f9 HAL/LM35/src/LM35.o
 .debug_abbrev  0x00000000      0x100 HAL/LM35/src/LM35.o
 .debug_loc     0x00000000       0x47 HAL/LM35/src/LM35.o
 .debug_aranges
                0x00000000       0x28 HAL/LM35/src/LM35.o
 .debug_ranges  0x00000000       0x18 HAL/LM35/src/LM35.o
 .debug_line    0x00000000       0xa5 HAL/LM35/src/LM35.o
 .debug_str     0x00000000      0x318 HAL/LM35/src/LM35.o
 .comment       0x00000000       0x31 HAL/LM35/src/LM35.o
 .debug_frame   0x00000000       0x34 HAL/LM35/src/LM35.o
 .text          0x00000000        0x0 HAL/PWM/src/PWM.o
 .data          0x00000000        0x0 HAL/PWM/src/PWM.o
 .bss           0x00000000        0x0 HAL/PWM/src/PWM.o
 .text.PWM_Generate_COM1A
                0x00000000       0x52 HAL/PWM/src/PWM.o
 .text          0x00000000        0x0 HAL/ServoMotor/src/ServoMotor.o
 .data          0x00000000        0x0 HAL/ServoMotor/src/ServoMotor.o
 .bss           0x00000000        0x0 HAL/ServoMotor/src/ServoMotor.o
 .text          0x00000000        0x0 HAL/SSD/src/SSD.o
 .data          0x00000000        0x0 HAL/SSD/src/SSD.o
 .bss           0x00000000        0x0 HAL/SSD/src/SSD.o
 .text.SSD_Init
                0x00000000       0x4a HAL/SSD/src/SSD.o
 .text.SSD_Display
                0x00000000       0x80 HAL/SSD/src/SSD.o
 .text.SSD_Display_With_Delay
                0x00000000       0x62 HAL/SSD/src/SSD.o
 .debug_info    0x00000000      0x520 HAL/SSD/src/SSD.o
 .debug_abbrev  0x00000000      0x15d HAL/SSD/src/SSD.o
 .debug_loc     0x00000000      0x2d9 HAL/SSD/src/SSD.o
 .debug_aranges
                0x00000000       0x30 HAL/SSD/src/SSD.o
 .debug_ranges  0x00000000       0x20 HAL/SSD/src/SSD.o
 .debug_line    0x00000000      0x21d HAL/SSD/src/SSD.o
 .debug_str     0x00000000      0x459 HAL/SSD/src/SSD.o
 .comment       0x00000000       0x31 HAL/SSD/src/SSD.o
 .debug_frame   0x00000000       0x80 HAL/SSD/src/SSD.o
 .text          0x00000000        0x0 HAL/Ultrasonic/src/Ultrasonic.o
 .data          0x00000000        0x0 HAL/Ultrasonic/src/Ultrasonic.o
 .bss           0x00000000        0x0 HAL/Ultrasonic/src/Ultrasonic.o
 .text.ultrasonic_timer
                0x00000000       0x28 HAL/Ultrasonic/src/Ultrasonic.o
 .text.ultrasonic_u16_get_distance
                0x00000000       0xe6 HAL/Ultrasonic/src/Ultrasonic.o
 .bss.ultrasonic_counter
                0x00000000        0x4 HAL/Ultrasonic/src/Ultrasonic.o
 .debug_info    0x00000000      0x50f HAL/Ultrasonic/src/Ultrasonic.o
 .debug_abbrev  0x00000000      0x180 HAL/Ultrasonic/src/Ultrasonic.o
 .debug_loc     0x00000000       0xf6 HAL/Ultrasonic/src/Ultrasonic.o
 .debug_aranges
                0x00000000       0x28 HAL/Ultrasonic/src/Ultrasonic.o
 .debug_ranges  0x00000000       0x18 HAL/Ultrasonic/src/Ultrasonic.o
 .debug_line    0x00000000      0x23f HAL/Ultrasonic/src/Ultrasonic.o
 .debug_str     0x00000000      0x5fc HAL/Ultrasonic/src/Ultrasonic.o
 .comment       0x00000000       0x31 HAL/Ultrasonic/src/Ultrasonic.o
 .debug_frame   0x00000000       0x34 HAL/Ultrasonic/src/Ultrasonic.o
 .text          0x00000000        0x0 main.o
 .data          0x00000000        0x0 main.o
 .bss           0x00000000        0x0 main.o
 .text          0x00000000        0x0 MCAL/ADC/src/ADC.o
 .data          0x00000000        0x0 MCAL/ADC/src/ADC.o
 .bss           0x00000000        0x0 MCAL/ADC/src/ADC.o
 .text          0x00000000        0x0 MCAL/DIO/src/DIO.o
 .data          0x00000000        0x0 MCAL/DIO/src/DIO.o
 .bss           0x00000000        0x0 MCAL/DIO/src/DIO.o
 .text.DIO_WriteChannelGroup
                0x00000000       0x50 MCAL/DIO/src/DIO.o
 .text          0x00000000        0x0 MCAL/DIO/src/DIO_CFG.o
 .data          0x00000000        0x0 MCAL/DIO/src/DIO_CFG.o
 .bss           0x00000000        0x0 MCAL/DIO/src/DIO_CFG.o
 .text          0x00000000        0x0 MCAL/Ext_Int/src/Ext_Int.o
 .data          0x00000000        0x0 MCAL/Ext_Int/src/Ext_Int.o
 .bss           0x00000000        0x0 MCAL/Ext_Int/src/Ext_Int.o
 .text.Ext_Interrupt_Enable
                0x00000000       0x24 MCAL/Ext_Int/src/Ext_Int.o
 .text.Ext_Interrupt_Disable
                0x00000000       0x24 MCAL/Ext_Int/src/Ext_Int.o
 .text.Ext_Interrupt_Sncontrol
                0x00000000       0x38 MCAL/Ext_Int/src/Ext_Int.o
 .text.Ext_Interrupt_SetCallBack
                0x00000000       0x2a MCAL/Ext_Int/src/Ext_Int.o
 .text          0x00000000        0x0 MCAL/GINT/src/GINT.o
 .data          0x00000000        0x0 MCAL/GINT/src/GINT.o
 .bss           0x00000000        0x0 MCAL/GINT/src/GINT.o
 .text.GINT_DisableAllInterrupts
                0x00000000        0x8 MCAL/GINT/src/GINT.o
 .text          0x00000000        0x0 MCAL/SPI/src/SPI.o
 .data          0x00000000        0x0 MCAL/SPI/src/SPI.o
 .bss           0x00000000        0x0 MCAL/SPI/src/SPI.o
 .text.SPI_Init
                0x00000000       0x8c MCAL/SPI/src/SPI.o
 .text.SPI_TxRx
                0x00000000        0xa MCAL/SPI/src/SPI.o
 .text.SPI_SlaveEnable
                0x00000000       0x16 MCAL/SPI/src/SPI.o
 .text.SPI_SlaveDisable
                0x00000000       0x16 MCAL/SPI/src/SPI.o
 .debug_info    0x00000000      0x5ba MCAL/SPI/src/SPI.o
 .debug_abbrev  0x00000000      0x12b MCAL/SPI/src/SPI.o
 .debug_loc     0x00000000      0x120 MCAL/SPI/src/SPI.o
 .debug_aranges
                0x00000000       0x38 MCAL/SPI/src/SPI.o
 .debug_ranges  0x00000000       0x28 MCAL/SPI/src/SPI.o
 .debug_line    0x00000000      0x19a MCAL/SPI/src/SPI.o
 .debug_str     0x00000000      0x563 MCAL/SPI/src/SPI.o
 .comment       0x00000000       0x31 MCAL/SPI/src/SPI.o
 .debug_frame   0x00000000       0x70 MCAL/SPI/src/SPI.o
 .text          0x00000000        0x0 MCAL/TIMER0/src/TIMER0.o
 .data          0x00000000        0x0 MCAL/TIMER0/src/TIMER0.o
 .bss           0x00000000        0x0 MCAL/TIMER0/src/TIMER0.o
 .text.TIMER0_Init
                0x00000000       0x70 MCAL/TIMER0/src/TIMER0.o
 .text.TIMER0_OCR0_SetValue
                0x00000000        0x6 MCAL/TIMER0/src/TIMER0.o
 .text.TIMER0_TCNT0_SetValue
                0x00000000        0x6 MCAL/TIMER0/src/TIMER0.o
 .text.TIMER0_TOVInt_SetCallBack
                0x00000000        0xa MCAL/TIMER0/src/TIMER0.o
 .bss.Timer0TOVIntFunPtr
                0x00000000        0x2 MCAL/TIMER0/src/TIMER0.o
 .debug_info    0x00000000      0x335 MCAL/TIMER0/src/TIMER0.o
 .debug_abbrev  0x00000000      0x102 MCAL/TIMER0/src/TIMER0.o
 .debug_loc     0x00000000       0x28 MCAL/TIMER0/src/TIMER0.o
 .debug_aranges
                0x00000000       0x38 MCAL/TIMER0/src/TIMER0.o
 .debug_ranges  0x00000000       0x28 MCAL/TIMER0/src/TIMER0.o
 .debug_line    0x00000000      0x129 MCAL/TIMER0/src/TIMER0.o
 .debug_str     0x00000000      0x3fd MCAL/TIMER0/src/TIMER0.o
 .comment       0x00000000       0x31 MCAL/TIMER0/src/TIMER0.o
 .debug_frame   0x00000000       0x54 MCAL/TIMER0/src/TIMER0.o
 .text          0x00000000        0x0 MCAL/TIMER1/src/TIMER1.o
 .data          0x00000000        0x0 MCAL/TIMER1/src/TIMER1.o
 .bss           0x00000000        0x0 MCAL/TIMER1/src/TIMER1.o
 .text.TIMER1_TCNT1_SetValue
                0x00000000        0x6 MCAL/TIMER1/src/TIMER1.o
 .text.TIMER1_TOVInt_SetCallBack
                0x00000000        0xa MCAL/TIMER1/src/TIMER1.o
 .bss.Timer1TOVIntFunPtr
                0x00000000        0x2 MCAL/TIMER1/src/TIMER1.o
 .text          0x00000000        0x0 MCAL/TWI/src/TWI.o
 .data          0x00000000        0x0 MCAL/TWI/src/TWI.o
 .bss           0x00000000        0x0 MCAL/TWI/src/TWI.o
 .text.TWI_Init
                0x00000000        0x8 MCAL/TWI/src/TWI.o
 .text.TWI_Status
                0x00000000        0x6 MCAL/TWI/src/TWI.o
 .text.TWI_Start
                0x00000000       0x2a MCAL/TWI/src/TWI.o
 .text.TWI_Send
                0x00000000       0x2c MCAL/TWI/src/TWI.o
 .text.TWI_Read_Ack
                0x00000000       0x30 MCAL/TWI/src/TWI.o
 .text.TWI_Read_NAck
                0x00000000       0x30 MCAL/TWI/src/TWI.o
 .text.TWI_Stop
                0x00000000       0x20 MCAL/TWI/src/TWI.o
 .debug_info    0x00000000      0x311 MCAL/TWI/src/TWI.o
 .debug_abbrev  0x00000000      0x13b MCAL/TWI/src/TWI.o
 .debug_loc     0x00000000       0xaa MCAL/TWI/src/TWI.o
 .debug_aranges
                0x00000000       0x50 MCAL/TWI/src/TWI.o
 .debug_ranges  0x00000000       0x40 MCAL/TWI/src/TWI.o
 .debug_line    0x00000000      0x1f7 MCAL/TWI/src/TWI.o
 .debug_str     0x00000000      0x28a MCAL/TWI/src/TWI.o
 .comment       0x00000000       0x31 MCAL/TWI/src/TWI.o
 .debug_frame   0x00000000       0x84 MCAL/TWI/src/TWI.o
 .text          0x00000000        0x0 MCAL/UART/src/UART.o
 .data          0x00000000        0x0 MCAL/UART/src/UART.o
 .bss           0x00000000        0x0 MCAL/UART/src/UART.o
 .text.UART_Init
                0x00000000       0xe8 MCAL/UART/src/UART.o
 .text.UART_Transmit
                0x00000000        0x8 MCAL/UART/src/UART.o
 .text.UART_TransmitString
                0x00000000       0x2c MCAL/UART/src/UART.o
 .text.UART_Receive
                0x00000000        0x8 MCAL/UART/src/UART.o
 .debug_info    0x00000000      0x5d9 MCAL/UART/src/UART.o
 .debug_abbrev  0x00000000      0x162 MCAL/UART/src/UART.o
 .debug_loc     0x00000000      0x146 MCAL/UART/src/UART.o
 .debug_aranges
                0x00000000       0x38 MCAL/UART/src/UART.o
 .debug_ranges  0x00000000       0x28 MCAL/UART/src/UART.o
 .debug_line    0x00000000      0x15d MCAL/UART/src/UART.o
 .debug_str     0x00000000      0x5ec MCAL/UART/src/UART.o
 .comment       0x00000000       0x31 MCAL/UART/src/UART.o
 .debug_frame   0x00000000       0x70 MCAL/UART/src/UART.o
 .text          0x00000000        0x0 TIMER2/src/TIMER2.o
 .data          0x00000000        0x0 TIMER2/src/TIMER2.o
 .bss           0x00000000        0x0 TIMER2/src/TIMER2.o
 .text.TIMER2_Init
                0x00000000       0x70 TIMER2/src/TIMER2.o
 .text.TIMER2_OCR2_SetValue
                0x00000000        0x6 TIMER2/src/TIMER2.o
 .text.TIMER2_TCNT2_SetValue
                0x00000000        0x6 TIMER2/src/TIMER2.o
 .text.TIMER2_TOVInt_SetCallBack
                0x00000000        0xa TIMER2/src/TIMER2.o
 .bss.Timer2TOVIntFunPtr
                0x00000000        0x2 TIMER2/src/TIMER2.o
 .debug_info    0x00000000      0x335 TIMER2/src/TIMER2.o
 .debug_abbrev  0x00000000      0x102 TIMER2/src/TIMER2.o
 .debug_loc     0x00000000       0x28 TIMER2/src/TIMER2.o
 .debug_aranges
                0x00000000       0x38 TIMER2/src/TIMER2.o
 .debug_ranges  0x00000000       0x28 TIMER2/src/TIMER2.o
 .debug_line    0x00000000      0x11f TIMER2/src/TIMER2.o
 .debug_str     0x00000000      0x3f8 TIMER2/src/TIMER2.o
 .comment       0x00000000       0x31 TIMER2/src/TIMER2.o
 .debug_frame   0x00000000       0x54 TIMER2/src/TIMER2.o
 .text          0x00000000        0x0 c:/program files (x86)/atmel/studio/7.0/toolchain/avr8/avr8-gnu-toolchain/bin/../lib/gcc/avr/5.4.0/../../../../avr/lib/avr5\libm.a(addsf3.o)
 .data          0x00000000        0x0 c:/program files (x86)/atmel/studio/7.0/toolchain/avr8/avr8-gnu-toolchain/bin/../lib/gcc/avr/5.4.0/../../../../avr/lib/avr5\libm.a(addsf3.o)
 .bss           0x00000000        0x0 c:/program files (x86)/atmel/studio/7.0/toolchain/avr8/avr8-gnu-toolchain/bin/../lib/gcc/avr/5.4.0/../../../../avr/lib/avr5\libm.a(addsf3.o)
 .text          0x00000000        0x0 c:/program files (x86)/atmel/studio/7.0/toolchain/avr8/avr8-gnu-toolchain/bin/../lib/gcc/avr/5.4.0/../../../../avr/lib/avr5\libm.a(addsf3x.o)
 .data          0x00000000        0x0 c:/program files (x86)/atmel/studio/7.0/toolchain/avr8/avr8-gnu-toolchain/bin/../lib/gcc/avr/5.4.0/../../../../avr/lib/avr5\libm.a(addsf3x.o)
 .bss           0x00000000        0x0 c:/program files (x86)/atmel/studio/7.0/toolchain/avr8/avr8-gnu-toolchain/bin/../lib/gcc/avr/5.4.0/../../../../avr/lib/avr5\libm.a(addsf3x.o)
 .text          0x00000000        0x0 c:/program files (x86)/atmel/studio/7.0/toolchain/avr8/avr8-gnu-toolchain/bin/../lib/gcc/avr/5.4.0/../../../../avr/lib/avr5\libm.a(divsf3.o)
 .data          0x00000000        0x0 c:/program files (x86)/atmel/studio/7.0/toolchain/avr8/avr8-gnu-toolchain/bin/../lib/gcc/avr/5.4.0/../../../../avr/lib/avr5\libm.a(divsf3.o)
 .bss           0x00000000        0x0 c:/program files (x86)/atmel/studio/7.0/toolchain/avr8/avr8-gnu-toolchain/bin/../lib/gcc/avr/5.4.0/../../../../avr/lib/avr5\libm.a(divsf3.o)
 .text          0x00000000        0x0 c:/program files (x86)/atmel/studio/7.0/toolchain/avr8/avr8-gnu-toolchain/bin/../lib/gcc/avr/5.4.0/../../../../avr/lib/avr5\libm.a(divsf3x.o)
 .data          0x00000000        0x0 c:/program files (x86)/atmel/studio/7.0/toolchain/avr8/avr8-gnu-toolchain/bin/../lib/gcc/avr/5.4.0/../../../../avr/lib/avr5\libm.a(divsf3x.o)
 .bss           0x00000000        0x0 c:/program files (x86)/atmel/studio/7.0/toolchain/avr8/avr8-gnu-toolchain/bin/../lib/gcc/avr/5.4.0/../../../../avr/lib/avr5\libm.a(divsf3x.o)
 .text          0x00000000        0x0 c:/program files (x86)/atmel/studio/7.0/toolchain/avr8/avr8-gnu-toolchain/bin/../lib/gcc/avr/5.4.0/../../../../avr/lib/avr5\libm.a(fixunssfsi.o)
 .data          0x00000000        0x0 c:/program files (x86)/atmel/studio/7.0/toolchain/avr8/avr8-gnu-toolchain/bin/../lib/gcc/avr/5.4.0/../../../../avr/lib/avr5\libm.a(fixunssfsi.o)
 .bss           0x00000000        0x0 c:/program files (x86)/atmel/studio/7.0/toolchain/avr8/avr8-gnu-toolchain/bin/../lib/gcc/avr/5.4.0/../../../../avr/lib/avr5\libm.a(fixunssfsi.o)
 .text          0x00000000        0x0 c:/program files (x86)/atmel/studio/7.0/toolchain/avr8/avr8-gnu-toolchain/bin/../lib/gcc/avr/5.4.0/../../../../avr/lib/avr5\libm.a(floatsisf.o)
 .data          0x00000000        0x0 c:/program files (x86)/atmel/studio/7.0/toolchain/avr8/avr8-gnu-toolchain/bin/../lib/gcc/avr/5.4.0/../../../../avr/lib/avr5\libm.a(floatsisf.o)
 .bss           0x00000000        0x0 c:/program files (x86)/atmel/studio/7.0/toolchain/avr8/avr8-gnu-toolchain/bin/../lib/gcc/avr/5.4.0/../../../../avr/lib/avr5\libm.a(floatsisf.o)
 .text          0x00000000        0x0 c:/program files (x86)/atmel/studio/7.0/toolchain/avr8/avr8-gnu-toolchain/bin/../lib/gcc/avr/5.4.0/../../../../avr/lib/avr5\libm.a(fp_inf.o)
 .data          0x00000000        0x0 c:/program files (x86)/atmel/studio/7.0/toolchain/avr8/avr8-gnu-toolchain/bin/../lib/gcc/avr/5.4.0/../../../../avr/lib/avr5\libm.a(fp_inf.o)
 .bss           0x00000000        0x0 c:/program files (x86)/atmel/studio/7.0/toolchain/avr8/avr8-gnu-toolchain/bin/../lib/gcc/avr/5.4.0/../../../../avr/lib/avr5\libm.a(fp_inf.o)
 .text          0x00000000        0x0 c:/program files (x86)/atmel/studio/7.0/toolchain/avr8/avr8-gnu-toolchain/bin/../lib/gcc/avr/5.4.0/../../../../avr/lib/avr5\libm.a(fp_nan.o)
 .data          0x00000000        0x0 c:/program files (x86)/atmel/studio/7.0/toolchain/avr8/avr8-gnu-toolchain/bin/../lib/gcc/avr/5.4.0/../../../../avr/lib/avr5\libm.a(fp_nan.o)
 .bss           0x00000000        0x0 c:/program files (x86)/atmel/studio/7.0/toolchain/avr8/avr8-gnu-toolchain/bin/../lib/gcc/avr/5.4.0/../../../../avr/lib/avr5\libm.a(fp_nan.o)
 .text          0x00000000        0x0 c:/program files (x86)/atmel/studio/7.0/toolchain/avr8/avr8-gnu-toolchain/bin/../lib/gcc/avr/5.4.0/../../../../avr/lib/avr5\libm.a(fp_pscA.o)
 .data          0x00000000        0x0 c:/program files (x86)/atmel/studio/7.0/toolchain/avr8/avr8-gnu-toolchain/bin/../lib/gcc/avr/5.4.0/../../../../avr/lib/avr5\libm.a(fp_pscA.o)
 .bss           0x00000000        0x0 c:/program files (x86)/atmel/studio/7.0/toolchain/avr8/avr8-gnu-toolchain/bin/../lib/gcc/avr/5.4.0/../../../../avr/lib/avr5\libm.a(fp_pscA.o)
 .text          0x00000000        0x0 c:/program files (x86)/atmel/studio/7.0/toolchain/avr8/avr8-gnu-toolchain/bin/../lib/gcc/avr/5.4.0/../../../../avr/lib/avr5\libm.a(fp_pscB.o)
 .data          0x00000000        0x0 c:/program files (x86)/atmel/studio/7.0/toolchain/avr8/avr8-gnu-toolchain/bin/../lib/gcc/avr/5.4.0/../../../../avr/lib/avr5\libm.a(fp_pscB.o)
 .bss           0x00000000        0x0 c:/program files (x86)/atmel/studio/7.0/toolchain/avr8/avr8-gnu-toolchain/bin/../lib/gcc/avr/5.4.0/../../../../avr/lib/avr5\libm.a(fp_pscB.o)
 .text          0x00000000        0x0 c:/program files (x86)/atmel/studio/7.0/toolchain/avr8/avr8-gnu-toolchain/bin/../lib/gcc/avr/5.4.0/../../../../avr/lib/avr5\libm.a(fp_round.o)
 .data          0x00000000        0x0 c:/program files (x86)/atmel/studio/7.0/toolchain/avr8/avr8-gnu-toolchain/bin/../lib/gcc/avr/5.4.0/../../../../avr/lib/avr5\libm.a(fp_round.o)
 .bss           0x00000000        0x0 c:/program files (x86)/atmel/studio/7.0/toolchain/avr8/avr8-gnu-toolchain/bin/../lib/gcc/avr/5.4.0/../../../../avr/lib/avr5\libm.a(fp_round.o)
 .text          0x00000000        0x0 c:/program files (x86)/atmel/studio/7.0/toolchain/avr8/avr8-gnu-toolchain/bin/../lib/gcc/avr/5.4.0/../../../../avr/lib/avr5\libm.a(fp_split3.o)
 .data          0x00000000        0x0 c:/program files (x86)/atmel/studio/7.0/toolchain/avr8/avr8-gnu-toolchain/bin/../lib/gcc/avr/5.4.0/../../../../avr/lib/avr5\libm.a(fp_split3.o)
 .bss           0x00000000        0x0 c:/program files (x86)/atmel/studio/7.0/toolchain/avr8/avr8-gnu-toolchain/bin/../lib/gcc/avr/5.4.0/../../../../avr/lib/avr5\libm.a(fp_split3.o)
 .text          0x00000000        0x0 c:/program files (x86)/atmel/studio/7.0/toolchain/avr8/avr8-gnu-toolchain/bin/../lib/gcc/avr/5.4.0/../../../../avr/lib/avr5\libm.a(fp_zero.o)
 .data          0x00000000        0x0 c:/program files (x86)/atmel/studio/7.0/toolchain/avr8/avr8-gnu-toolchain/bin/../lib/gcc/avr/5.4.0/../../../../avr/lib/avr5\libm.a(fp_zero.o)
 .bss           0x00000000        0x0 c:/program files (x86)/atmel/studio/7.0/toolchain/avr8/avr8-gnu-toolchain/bin/../lib/gcc/avr/5.4.0/../../../../avr/lib/avr5\libm.a(fp_zero.o)
 .text          0x00000000        0x0 c:/program files (x86)/atmel/studio/7.0/toolchain/avr8/avr8-gnu-toolchain/bin/../lib/gcc/avr/5.4.0/../../../../avr/lib/avr5\libm.a(mulsf3.o)
 .data          0x00000000        0x0 c:/program files (x86)/atmel/studio/7.0/toolchain/avr8/avr8-gnu-toolchain/bin/../lib/gcc/avr/5.4.0/../../../../avr/lib/avr5\libm.a(mulsf3.o)
 .bss           0x00000000        0x0 c:/program files (x86)/atmel/studio/7.0/toolchain/avr8/avr8-gnu-toolchain/bin/../lib/gcc/avr/5.4.0/../../../../avr/lib/avr5\libm.a(mulsf3.o)
 .text          0x00000000        0x0 c:/program files (x86)/atmel/studio/7.0/toolchain/avr8/avr8-gnu-toolchain/bin/../lib/gcc/avr/5.4.0/../../../../avr/lib/avr5\libm.a(mulsf3x.o)
 .data          0x00000000        0x0 c:/program files (x86)/atmel/studio/7.0/toolchain/avr8/avr8-gnu-toolchain/bin/../lib/gcc/avr/5.4.0/../../../../avr/lib/avr5\libm.a(mulsf3x.o)
 .bss           0x00000000        0x0 c:/program files (x86)/atmel/studio/7.0/toolchain/avr8/avr8-gnu-toolchain/bin/../lib/gcc/avr/5.4.0/../../../../avr/lib/avr5\libm.a(mulsf3x.o)
 .text          0x00000000        0x0 c:/program files (x86)/atmel/studio/7.0/toolchain/avr8/avr8-gnu-toolchain/bin/../lib/gcc/avr/5.4.0/avr5\libgcc.a(_udivmodsi4.o)
 .data          0x00000000        0x0 c:/program files (x86)/atmel/studio/7.0/toolchain/avr8/avr8-gnu-toolchain/bin/../lib/gcc/avr/5.4.0/avr5\libgcc.a(_udivmodsi4.o)
 .bss           0x00000000        0x0 c:/program files (x86)/atmel/studio/7.0/toolchain/avr8/avr8-gnu-toolchain/bin/../lib/gcc/avr/5.4.0/avr5\libgcc.a(_udivmodsi4.o)
 .text.libgcc.mul
                0x00000000        0x0 c:/program files (x86)/atmel/studio/7.0/toolchain/avr8/avr8-gnu-toolchain/bin/../lib/gcc/avr/5.4.0/avr5\libgcc.a(_udivmodsi4.o)
 .text.libgcc.div
                0x00000000       0x44 c:/program files (x86)/atmel/studio/7.0/toolchain/avr8/avr8-gnu-toolchain/bin/../lib/gcc/avr/5.4.0/avr5\libgcc.a(_udivmodsi4.o)
 .text.libgcc   0x00000000        0x0 c:/program files (x86)/atmel/studio/7.0/toolchain/avr8/avr8-gnu-toolchain/bin/../lib/gcc/avr/5.4.0/avr5\libgcc.a(_udivmodsi4.o)
 .text.libgcc.prologue
                0x00000000        0x0 c:/program files (x86)/atmel/studio/7.0/toolchain/avr8/avr8-gnu-toolchain/bin/../lib/gcc/avr/5.4.0/avr5\libgcc.a(_udivmodsi4.o)
 .text.libgcc.builtins
                0x00000000        0x0 c:/program files (x86)/atmel/studio/7.0/toolchain/avr8/avr8-gnu-toolchain/bin/../lib/gcc/avr/5.4.0/avr5\libgcc.a(_udivmodsi4.o)
 .text.libgcc.fmul
                0x00000000        0x0 c:/program files (x86)/atmel/studio/7.0/toolchain/avr8/avr8-gnu-toolchain/bin/../lib/gcc/avr/5.4.0/avr5\libgcc.a(_udivmodsi4.o)
 .text.libgcc.fixed
                0x00000000        0x0 c:/program files (x86)/atmel/studio/7.0/toolchain/avr8/avr8-gnu-toolchain/bin/../lib/gcc/avr/5.4.0/avr5\libgcc.a(_udivmodsi4.o)
 .text          0x00000000        0x0 c:/program files (x86)/atmel/studio/7.0/toolchain/avr8/avr8-gnu-toolchain/bin/../lib/gcc/avr/5.4.0/avr5\libgcc.a(_exit.o)
 .data          0x00000000        0x0 c:/program files (x86)/atmel/studio/7.0/toolchain/avr8/avr8-gnu-toolchain/bin/../lib/gcc/avr/5.4.0/avr5\libgcc.a(_exit.o)
 .bss           0x00000000        0x0 c:/program files (x86)/atmel/studio/7.0/toolchain/avr8/avr8-gnu-toolchain/bin/../lib/gcc/avr/5.4.0/avr5\libgcc.a(_exit.o)
 .text.libgcc.mul
                0x00000000        0x0 c:/program files (x86)/atmel/studio/7.0/toolchain/avr8/avr8-gnu-toolchain/bin/../lib/gcc/avr/5.4.0/avr5\libgcc.a(_exit.o)
 .text.libgcc.div
                0x00000000        0x0 c:/program files (x86)/atmel/studio/7.0/toolchain/avr8/avr8-gnu-toolchain/bin/../lib/gcc/avr/5.4.0/avr5\libgcc.a(_exit.o)
 .text.libgcc   0x00000000        0x0 c:/program files (x86)/atmel/studio/7.0/toolchain/avr8/avr8-gnu-toolchain/bin/../lib/gcc/avr/5.4.0/avr5\libgcc.a(_exit.o)
 .text.libgcc.prologue
                0x00000000        0x0 c:/program files (x86)/atmel/studio/7.0/toolchain/avr8/avr8-gnu-toolchain/bin/../lib/gcc/avr/5.4.0/avr5\libgcc.a(_exit.o)
 .text.libgcc.builtins
                0x00000000        0x0 c:/program files (x86)/atmel/studio/7.0/toolchain/avr8/avr8-gnu-toolchain/bin/../lib/gcc/avr/5.4.0/avr5\libgcc.a(_exit.o)
 .text.libgcc.fmul
                0x00000000        0x0 c:/program files (x86)/atmel/studio/7.0/toolchain/avr8/avr8-gnu-toolchain/bin/../lib/gcc/avr/5.4.0/avr5\libgcc.a(_exit.o)
 .text.libgcc.fixed
                0x00000000        0x0 c:/program files (x86)/atmel/studio/7.0/toolchain/avr8/avr8-gnu-toolchain/bin/../lib/gcc/avr/5.4.0/avr5\libgcc.a(_exit.o)
 .text          0x00000000        0x0 c:/program files (x86)/atmel/studio/7.0/toolchain/avr8/avr8-gnu-toolchain/bin/../lib/gcc/avr/5.4.0/avr5\libgcc.a(_copy_data.o)
 .data          0x00000000        0x0 c:/program files (x86)/atmel/studio/7.0/toolchain/avr8/avr8-gnu-toolchain/bin/../lib/gcc/avr/5.4.0/avr5\libgcc.a(_copy_data.o)
 .bss           0x00000000        0x0 c:/program files (x86)/atmel/studio/7.0/toolchain/avr8/avr8-gnu-toolchain/bin/../lib/gcc/avr/5.4.0/avr5\libgcc.a(_copy_data.o)
 .text.libgcc.mul
                0x00000000        0x0 c:/program files (x86)/atmel/studio/7.0/toolchain/avr8/avr8-gnu-toolchain/bin/../lib/gcc/avr/5.4.0/avr5\libgcc.a(_copy_data.o)
 .text.libgcc.div
                0x00000000        0x0 c:/program files (x86)/atmel/studio/7.0/toolchain/avr8/avr8-gnu-toolchain/bin/../lib/gcc/avr/5.4.0/avr5\libgcc.a(_copy_data.o)
 .text.libgcc   0x00000000        0x0 c:/program files (x86)/atmel/studio/7.0/toolchain/avr8/avr8-gnu-toolchain/bin/../lib/gcc/avr/5.4.0/avr5\libgcc.a(_copy_data.o)
 .text.libgcc.prologue
                0x00000000        0x0 c:/program files (x86)/atmel/studio/7.0/toolchain/avr8/avr8-gnu-toolchain/bin/../lib/gcc/avr/5.4.0/avr5\libgcc.a(_copy_data.o)
 .text.libgcc.builtins
                0x00000000        0x0 c:/program files (x86)/atmel/studio/7.0/toolchain/avr8/avr8-gnu-toolchain/bin/../lib/gcc/avr/5.4.0/avr5\libgcc.a(_copy_data.o)
 .text.libgcc.fmul
                0x00000000        0x0 c:/program files (x86)/atmel/studio/7.0/toolchain/avr8/avr8-gnu-toolchain/bin/../lib/gcc/avr/5.4.0/avr5\libgcc.a(_copy_data.o)
 .text.libgcc.fixed
                0x00000000        0x0 c:/program files (x86)/atmel/studio/7.0/toolchain/avr8/avr8-gnu-toolchain/bin/../lib/gcc/avr/5.4.0/avr5\libgcc.a(_copy_data.o)
 .text          0x00000000        0x0 c:/program files (x86)/atmel/studio/7.0/toolchain/avr8/avr8-gnu-toolchain/bin/../lib/gcc/avr/5.4.0/avr5\libgcc.a(_clear_bss.o)
 .data          0x00000000        0x0 c:/program files (x86)/atmel/studio/7.0/toolchain/avr8/avr8-gnu-toolchain/bin/../lib/gcc/avr/5.4.0/avr5\libgcc.a(_clear_bss.o)
 .bss           0x00000000        0x0 c:/program files (x86)/atmel/studio/7.0/toolchain/avr8/avr8-gnu-toolchain/bin/../lib/gcc/avr/5.4.0/avr5\libgcc.a(_clear_bss.o)
 .text.libgcc.mul
                0x00000000        0x0 c:/program files (x86)/atmel/studio/7.0/toolchain/avr8/avr8-gnu-toolchain/bin/../lib/gcc/avr/5.4.0/avr5\libgcc.a(_clear_bss.o)
 .text.libgcc.div
                0x00000000        0x0 c:/program files (x86)/atmel/studio/7.0/toolchain/avr8/avr8-gnu-toolchain/bin/../lib/gcc/avr/5.4.0/avr5\libgcc.a(_clear_bss.o)
 .text.libgcc   0x00000000        0x0 c:/program files (x86)/atmel/studio/7.0/toolchain/avr8/avr8-gnu-toolchain/bin/../lib/gcc/avr/5.4.0/avr5\libgcc.a(_clear_bss.o)
 .text.libgcc.prologue
                0x00000000        0x0 c:/program files (x86)/atmel/studio/7.0/toolchain/avr8/avr8-gnu-toolchain/bin/../lib/gcc/avr/5.4.0/avr5\libgcc.a(_clear_bss.o)
 .text.libgcc.builtins
                0x00000000        0x0 c:/program files (x86)/atmel/studio/7.0/toolchain/avr8/avr8-gnu-toolchain/bin/../lib/gcc/avr/5.4.0/avr5\libgcc.a(_clear_bss.o)
 .text.libgcc.fmul
                0x00000000        0x0 c:/program files (x86)/atmel/studio/7.0/toolchain/avr8/avr8-gnu-toolchain/bin/../lib/gcc/avr/5.4.0/avr5\libgcc.a(_clear_bss.o)
 .text.libgcc.fixed
                0x00000000        0x0 c:/program files (x86)/atmel/studio/7.0/toolchain/avr8/avr8-gnu-toolchain/bin/../lib/gcc/avr/5.4.0/avr5\libgcc.a(_clear_bss.o)
 .text          0x00000000        0x0 c:/program files (x86)/atmel/studio/7.0/toolchain/avr8/avr8-gnu-toolchain/bin/../lib/gcc/avr/5.4.0/avr5\libgcc.a(_muluhisi3.o)
 .data          0x00000000        0x0 c:/program files (x86)/atmel/studio/7.0/toolchain/avr8/avr8-gnu-toolchain/bin/../lib/gcc/avr/5.4.0/avr5\libgcc.a(_muluhisi3.o)
 .bss           0x00000000        0x0 c:/program files (x86)/atmel/studio/7.0/toolchain/avr8/avr8-gnu-toolchain/bin/../lib/gcc/avr/5.4.0/avr5\libgcc.a(_muluhisi3.o)
 .text.libgcc.mul
                0x00000000       0x16 c:/program files (x86)/atmel/studio/7.0/toolchain/avr8/avr8-gnu-toolchain/bin/../lib/gcc/avr/5.4.0/avr5\libgcc.a(_muluhisi3.o)
 .text.libgcc.div
                0x00000000        0x0 c:/program files (x86)/atmel/studio/7.0/toolchain/avr8/avr8-gnu-toolchain/bin/../lib/gcc/avr/5.4.0/avr5\libgcc.a(_muluhisi3.o)
 .text.libgcc   0x00000000        0x0 c:/program files (x86)/atmel/studio/7.0/toolchain/avr8/avr8-gnu-toolchain/bin/../lib/gcc/avr/5.4.0/avr5\libgcc.a(_muluhisi3.o)
 .text.libgcc.prologue
                0x00000000        0x0 c:/program files (x86)/atmel/studio/7.0/toolchain/avr8/avr8-gnu-toolchain/bin/../lib/gcc/avr/5.4.0/avr5\libgcc.a(_muluhisi3.o)
 .text.libgcc.builtins
                0x00000000        0x0 c:/program files (x86)/atmel/studio/7.0/toolchain/avr8/avr8-gnu-toolchain/bin/../lib/gcc/avr/5.4.0/avr5\libgcc.a(_muluhisi3.o)
 .text.libgcc.fmul
                0x00000000        0x0 c:/program files (x86)/atmel/studio/7.0/toolchain/avr8/avr8-gnu-toolchain/bin/../lib/gcc/avr/5.4.0/avr5\libgcc.a(_muluhisi3.o)
 .text.libgcc.fixed
                0x00000000        0x0 c:/program files (x86)/atmel/studio/7.0/toolchain/avr8/avr8-gnu-toolchain/bin/../lib/gcc/avr/5.4.0/avr5\libgcc.a(_muluhisi3.o)
 .text          0x00000000        0x0 c:/program files (x86)/atmel/studio/7.0/toolchain/avr8/avr8-gnu-toolchain/bin/../lib/gcc/avr/5.4.0/avr5\libgcc.a(_umulhisi3.o)
 .data          0x00000000        0x0 c:/program files (x86)/atmel/studio/7.0/toolchain/avr8/avr8-gnu-toolchain/bin/../lib/gcc/avr/5.4.0/avr5\libgcc.a(_umulhisi3.o)
 .bss           0x00000000        0x0 c:/program files (x86)/atmel/studio/7.0/toolchain/avr8/avr8-gnu-toolchain/bin/../lib/gcc/avr/5.4.0/avr5\libgcc.a(_umulhisi3.o)
 .text.libgcc.mul
                0x00000000       0x1e c:/program files (x86)/atmel/studio/7.0/toolchain/avr8/avr8-gnu-toolchain/bin/../lib/gcc/avr/5.4.0/avr5\libgcc.a(_umulhisi3.o)
 .text.libgcc.div
                0x00000000        0x0 c:/program files (x86)/atmel/studio/7.0/toolchain/avr8/avr8-gnu-toolchain/bin/../lib/gcc/avr/5.4.0/avr5\libgcc.a(_umulhisi3.o)
 .text.libgcc   0x00000000        0x0 c:/program files (x86)/atmel/studio/7.0/toolchain/avr8/avr8-gnu-toolchain/bin/../lib/gcc/avr/5.4.0/avr5\libgcc.a(_umulhisi3.o)
 .text.libgcc.prologue
                0x00000000        0x0 c:/program files (x86)/atmel/studio/7.0/toolchain/avr8/avr8-gnu-toolchain/bin/../lib/gcc/avr/5.4.0/avr5\libgcc.a(_umulhisi3.o)
 .text.libgcc.builtins
                0x00000000        0x0 c:/program files (x86)/atmel/studio/7.0/toolchain/avr8/avr8-gnu-toolchain/bin/../lib/gcc/avr/5.4.0/avr5\libgcc.a(_umulhisi3.o)
 .text.libgcc.fmul
                0x00000000        0x0 c:/program files (x86)/atmel/studio/7.0/toolchain/avr8/avr8-gnu-toolchain/bin/../lib/gcc/avr/5.4.0/avr5\libgcc.a(_umulhisi3.o)
 .text.libgcc.fixed
                0x00000000        0x0 c:/program files (x86)/atmel/studio/7.0/toolchain/avr8/avr8-gnu-toolchain/bin/../lib/gcc/avr/5.4.0/avr5\libgcc.a(_umulhisi3.o)
 .text          0x00000000        0x0 c:/program files (x86)/atmel/studio/7.0/toolchain/avr8/avr8-gnu-toolchain/bin/../lib/gcc/avr/5.4.0/../../../../avr/lib/avr5\libc.a(itoa_ncheck.o)
 .data          0x00000000        0x0 c:/program files (x86)/atmel/studio/7.0/toolchain/avr8/avr8-gnu-toolchain/bin/../lib/gcc/avr/5.4.0/../../../../avr/lib/avr5\libc.a(itoa_ncheck.o)
 .bss           0x00000000        0x0 c:/program files (x86)/atmel/studio/7.0/toolchain/avr8/avr8-gnu-toolchain/bin/../lib/gcc/avr/5.4.0/../../../../avr/lib/avr5\libc.a(itoa_ncheck.o)
 .text          0x00000000        0x0 c:/program files (x86)/atmel/studio/7.0/toolchain/avr8/avr8-gnu-toolchain/bin/../lib/gcc/avr/5.4.0/../../../../avr/lib/avr5\libc.a(utoa_ncheck.o)
 .data          0x00000000        0x0 c:/program files (x86)/atmel/studio/7.0/toolchain/avr8/avr8-gnu-toolchain/bin/../lib/gcc/avr/5.4.0/../../../../avr/lib/avr5\libc.a(utoa_ncheck.o)
 .bss           0x00000000        0x0 c:/program files (x86)/atmel/studio/7.0/toolchain/avr8/avr8-gnu-toolchain/bin/../lib/gcc/avr/5.4.0/../../../../avr/lib/avr5\libc.a(utoa_ncheck.o)
 .text          0x00000000        0x0 c:/program files (x86)/atmel/studio/7.0/toolchain/avr8/avr8-gnu-toolchain/bin/../lib/gcc/avr/5.4.0/../../../../avr/lib/avr5\libc.a(strrev.o)
 .data          0x00000000        0x0 c:/program files (x86)/atmel/studio/7.0/toolchain/avr8/avr8-gnu-toolchain/bin/../lib/gcc/avr/5.4.0/../../../../avr/lib/avr5\libc.a(strrev.o)
 .bss           0x00000000        0x0 c:/program files (x86)/atmel/studio/7.0/toolchain/avr8/avr8-gnu-toolchain/bin/../lib/gcc/avr/5.4.0/../../../../avr/lib/avr5\libc.a(strrev.o)
 .text          0x00000000        0x0 c:/program files (x86)/atmel/studio/7.0/toolchain/avr8/avr8-gnu-toolchain/bin/../lib/gcc/avr/5.4.0/../../../../avr/lib/avr5\libatmega32.a(eerd_block.o)
 .data          0x00000000        0x0 c:/program files (x86)/atmel/studio/7.0/toolchain/avr8/avr8-gnu-toolchain/bin/../lib/gcc/avr/5.4.0/../../../../avr/lib/avr5\libatmega32.a(eerd_block.o)
 .bss           0x00000000        0x0 c:/program files (x86)/atmel/studio/7.0/toolchain/avr8/avr8-gnu-toolchain/bin/../lib/gcc/avr/5.4.0/../../../../avr/lib/avr5\libatmega32.a(eerd_block.o)
 .text          0x00000000        0x0 c:/program files (x86)/atmel/studio/7.0/toolchain/avr8/avr8-gnu-toolchain/bin/../lib/gcc/avr/5.4.0/../../../../avr/lib/avr5\libatmega32.a(eewr_block.o)
 .data          0x00000000        0x0 c:/program files (x86)/atmel/studio/7.0/toolchain/avr8/avr8-gnu-toolchain/bin/../lib/gcc/avr/5.4.0/../../../../avr/lib/avr5\libatmega32.a(eewr_block.o)
 .bss           0x00000000        0x0 c:/program files (x86)/atmel/studio/7.0/toolchain/avr8/avr8-gnu-toolchain/bin/../lib/gcc/avr/5.4.0/../../../../avr/lib/avr5\libatmega32.a(eewr_block.o)
 .text          0x00000000        0x0 c:/program files (x86)/atmel/studio/7.0/toolchain/avr8/avr8-gnu-toolchain/bin/../lib/gcc/avr/5.4.0/../../../../avr/lib/avr5\libatmega32.a(eewr_byte.o)
 .data          0x00000000        0x0 c:/program files (x86)/atmel/studio/7.0/toolchain/avr8/avr8-gnu-toolchain/bin/../lib/gcc/avr/5.4.0/../../../../avr/lib/avr5\libatmega32.a(eewr_byte.o)
 .bss           0x00000000        0x0 c:/program files (x86)/atmel/studio/7.0/toolchain/avr8/avr8-gnu-toolchain/bin/../lib/gcc/avr/5.4.0/../../../../avr/lib/avr5\libatmega32.a(eewr_byte.o)

Memory Configuration

Name             Origin             Length             Attributes
text             0x00000000         0x00008000         xr
data             0x00800060         0x00000800         rw !x
eeprom           0x00810000         0x00000400         rw !x
fuse             0x00820000         0x00000002         rw !x
lock             0x00830000         0x00000400         rw !x
signature        0x00840000         0x00000400         rw !x
user_signatures  0x00850000         0x00000400         rw !x
*default*        0x00000000         0xffffffff

Linker script and memory map

LOAD c:/program files (x86)/atmel/studio/7.0/toolchain/avr8/avr8-gnu-toolchain/bin/../lib/gcc/avr/5.4.0/../../../../avr/lib/avr5/crtatmega32.o
LOAD EEPROM/src/EEPROM.o
LOAD HAL/Bluetooth/src/Bluetooth.o
LOAD HAL/Keypad/src/Keypad.o
LOAD HAL/LCD/src/LCD.o
LOAD HAL/LM35/src/LM35.o
LOAD HAL/PWM/src/PWM.o
LOAD HAL/ServoMotor/src/ServoMotor.o
LOAD HAL/SSD/src/SSD.o
LOAD HAL/Ultrasonic/src/Ultrasonic.o
LOAD main.o
LOAD MCAL/ADC/src/ADC.o
LOAD MCAL/DIO/src/DIO.o
LOAD MCAL/DIO/src/DIO_CFG.o
LOAD MCAL/Ext_Int/src/Ext_Int.o
LOAD MCAL/GINT/src/GINT.o
LOAD MCAL/SPI/src/SPI.o
LOAD MCAL/TIMER0/src/TIMER0.o
LOAD MCAL/TIMER1/src/TIMER1.o
LOAD MCAL/TWI/src/TWI.o
LOAD MCAL/UART/src/UART.o
LOAD TIMER2/src/TIMER2.o
START GROUP
LOAD c:/program files (x86)/atmel/studio/7.0/toolchain/avr8/avr8-gnu-toolchain/bin/../lib/gcc/avr/5.4.0/../../../../avr/lib/avr5\libm.a
END GROUP
START GROUP
LOAD c:/program files (x86)/atmel/studio/7.0/toolchain/avr8/avr8-gnu-toolchain/bin/../lib/gcc/avr/5.4.0/avr5\libgcc.a
LOAD c:/program files (x86)/atmel/studio/7.0/toolchain/avr8/avr8-gnu-toolchain/bin/../lib/gcc/avr/5.4.0/../../../../avr/lib/avr5\libm.a
LOAD c:/program files (x86)/atmel/studio/7.0/toolchain/avr8/avr8-gnu-toolchain/bin/../lib/gcc/avr/5.4.0/../../../../avr/lib/avr5\libc.a
LOAD c:/program files (x86)/atmel/studio/7.0/toolchain/avr8/avr8-gnu-toolchain/bin/../lib/gcc/avr/5.4.0/../../../../avr/lib/avr5\libatmega32.a
END GROUP
                0x00000000                __TEXT_REGION_ORIGIN__ = DEFINED (__TEXT_REGION_ORIGIN__)?__TEXT_REGION_ORIGIN__:0x0
                [0x00800060]                __DATA_REGION_ORIGIN__ = DEFINED (__DATA_REGION_ORIGIN__)?__DATA_REGION_ORIGIN__:0x800060
                [0x00008000]                __TEXT_REGION_LENGTH__ = DEFINED (__TEXT_REGION_LENGTH__)?__TEXT_REGION_LENGTH__:0x20000
                [0x00000800]                __DATA_REGION_LENGTH__ = DEFINED (__DATA_REGION_LENGTH__)?__DATA_REGION_LENGTH__:0xffa0
                [0x00000400]                __EEPROM_REGION_LENGTH__ = DEFINED (__EEPROM_REGION_LENGTH__)?__EEPROM_REGION_LENGTH__:0x10000
                [0x00000002]                __FUSE_REGION_LENGTH__ = DEFINED (__FUSE_REGION_LENGTH__)?__FUSE_REGION_LENGTH__:0x400
                0x00000400                __LOCK_REGION_LENGTH__ = DEFINED (__LOCK_REGION_LENGTH__)?__LOCK_REGION_LENGTH__:0x400
                0x00000400                __SIGNATURE_REGION_LENGTH__ = DEFINED (__SIGNATURE_REGION_LENGTH__)?__SIGNATURE_REGION_LENGTH__:0x400
                0x00000400                __USER_SIGNATURE_REGION_LENGTH__ = DEFINED (__USER_SIGNATURE_REGION_LENGTH__)?__USER_SIGNATURE_REGION_LENGTH__:0x400

.hash
 *(.hash)

.dynsym
 *(.dynsym)

.dynstr
 *(.dynstr)

.gnu.version
 *(.gnu.version)

.gnu.version_d
 *(.gnu.version_d)

.gnu.version_r
 *(.gnu.version_r)

.rel.init
 *(.rel.init)

.rela.init
 *(.rela.init)

.rel.text
 *(.rel.text)
 *(.rel.text.*)
 *(.rel.gnu.linkonce.t*)

.rela.text
 *(.rela.text)
 *(.rela.text.*)
 *(.rela.gnu.linkonce.t*)

.rel.fini
 *(.rel.fini)

.rela.fini
 *(.rela.fini)

.rel.rodata
 *(.rel.rodata)
 *(.rel.rodata.*)
 *(.rel.gnu.linkonce.r*)

.rela.rodata
 *(.rela.rodata)
 *(.rela.rodata.*)
 *(.rela.gnu.linkonce.r*)

.rel.data
 *(.rel.data)
 *(.rel.data.*)
 *(.rel.gnu.linkonce.d*)

.rela.data
 *(.rela.data)
 *(.rela.data.*)
 *(.rela.gnu.linkonce.d*)

.rel.ctors
 *(.rel.ctors)

.rela.ctors
 *(.rela.ctors)

.rel.dtors
 *(.rel.dtors)

.rela.dtors
 *(.rela.dtors)

.rel.got
 *(.rel.got)

.rela.got
 *(.rela.got)

.rel.bss
 *(.rel.bss)

.rela.bss
 *(.rela.bss)

.rel.plt
 *(.rel.plt)

.rela.plt
 *(.rela.plt)

.text           0x00000000     0x11f4
 *(.vectors)
 .vectors       0x00000000       0x54 c:/program files (x86)/atmel/studio/7.0/toolchain/avr8/avr8-gnu-toolchain/bin/../lib/gcc/avr/5.4.0/../../../../avr/lib/avr5/crtatmega32.o
                0x00000000                __vector_default
                0x00000000                __vectors
 *(.vectors)
 *(.progmem.gcc*)
                0x00000054                . = ALIGN (0x2)
                0x00000054                __trampolines_start = .
 *(.trampolines)
 .trampolines   0x00000054        0x0 linker stubs
 *(.trampolines*)
                0x00000054                __trampolines_end = .
 *libprintf_flt.a:*(.progmem.data)
 *libc.a:*(.progmem.data)
 *(.progmem*)
                0x00000054                . = ALIGN (0x2)
 *(.jumptables)
 *(.jumptables*)
 *(.lowtext)
 *(.lowtext*)
                0x00000054                __ctors_start = .
 *(.ctors)
                0x00000054                __ctors_end = .
                0x00000054                __dtors_start = .
 *(.dtors)
                0x00000054                __dtors_end = .
 SORT(*)(.ctors)
 SORT(*)(.dtors)
 *(.init0)
 .init0         0x00000054        0x0 c:/program files (x86)/atmel/studio/7.0/toolchain/avr8/avr8-gnu-toolchain/bin/../lib/gcc/avr/5.4.0/../../../../avr/lib/avr5/crtatmega32.o
                0x00000054                __init
 *(.init0)
 *(.init1)
 *(.init1)
 *(.init2)
 .init2         0x00000054        0xc c:/program files (x86)/atmel/studio/7.0/toolchain/avr8/avr8-gnu-toolchain/bin/../lib/gcc/avr/5.4.0/../../../../avr/lib/avr5/crtatmega32.o
 *(.init2)
 *(.init3)
 *(.init3)
 *(.init4)
 .init4         0x00000060       0x16 c:/program files (x86)/atmel/studio/7.0/toolchain/avr8/avr8-gnu-toolchain/bin/../lib/gcc/avr/5.4.0/avr5\libgcc.a(_copy_data.o)
                0x00000060                __do_copy_data
 .init4         0x00000076       0x10 c:/program files (x86)/atmel/studio/7.0/toolchain/avr8/avr8-gnu-toolchain/bin/../lib/gcc/avr/5.4.0/avr5\libgcc.a(_clear_bss.o)
                0x00000076                __do_clear_bss
 *(.init4)
 *(.init5)
 *(.init5)
 *(.init6)
 *(.init6)
 *(.init7)
 *(.init7)
 *(.init8)
 *(.init8)
 *(.init9)
 .init9         0x00000086        0x8 c:/program files (x86)/atmel/studio/7.0/toolchain/avr8/avr8-gnu-toolchain/bin/../lib/gcc/avr/5.4.0/../../../../avr/lib/avr5/crtatmega32.o
 *(.init9)
 *(.text)
 .text          0x0000008e        0x4 c:/program files (x86)/atmel/studio/7.0/toolchain/avr8/avr8-gnu-toolchain/bin/../lib/gcc/avr/5.4.0/../../../../avr/lib/avr5/crtatmega32.o
                0x0000008e                __vector_12
                0x0000008e                __bad_interrupt
                0x0000008e                __vector_6
                0x0000008e                __vector_13
                0x0000008e                __vector_17
                0x0000008e                __vector_19
                0x0000008e                __vector_7
                0x0000008e                __vector_4
                0x0000008e                __vector_9
                0x0000008e                __vector_15
                0x0000008e                __vector_8
                0x0000008e                __vector_14
                0x0000008e                __vector_10
                0x0000008e                __vector_16
                0x0000008e                __vector_18
                0x0000008e                __vector_20
                0x00000092                . = ALIGN (0x2)
 *(.text.*)
 .text.LCD_Cmd  0x00000092       0x90 HAL/LCD/src/LCD.o
                0x00000092                LCD_Cmd
 .text.LCD_Init
                0x00000122       0x42 HAL/LCD/src/LCD.o
                0x00000122                LCD_Init
 .text.LCD_Char
                0x00000164       0x90 HAL/LCD/src/LCD.o
                0x00000164                LCD_Char
 .text.LCD_String
                0x000001f4       0x2c HAL/LCD/src/LCD.o
                0x000001f4                LCD_String
 .text.LCD_Clear
                0x00000220        0x8 HAL/LCD/src/LCD.o
                0x00000220                LCD_Clear
 .text.PWM_Generate_COM1B
                0x00000228       0x52 HAL/PWM/src/PWM.o
                0x00000228                PWM_Generate_COM1B
 .text.ServoMotor
                0x0000027a       0x5c HAL/ServoMotor/src/ServoMotor.o
                0x0000027a                ServoMotor
 .text.main     0x000002d6      0x33e main.o
                0x000002d6                main
 .text.__vector_11
                0x00000614       0x62 main.o
                0x00000614                __vector_11
 .text.__vector_5
                0x00000676       0x82 main.o
                0x00000676                __vector_5
 .text.ADC_Init
                0x000006f8       0x16 MCAL/ADC/src/ADC.o
                0x000006f8                ADC_Init
 .text.ADC_Read
                0x0000070e       0x24 MCAL/ADC/src/ADC.o
                0x0000070e                ADC_Read
 .text.DIO_WriteChannel
                0x00000732      0x104 MCAL/DIO/src/DIO.o
                0x00000732                DIO_WriteChannel
 .text.DIO_ReadChannel
                0x00000836       0x66 MCAL/DIO/src/DIO.o
                0x00000836                DIO_ReadChannel
 .text.DIO_ToggleChannel
                0x0000089c       0x82 MCAL/DIO/src/DIO.o
                0x0000089c                DIO_ToggleChannel
 .text.DIO_ConfigChannel
                0x0000091e      0x104 MCAL/DIO/src/DIO.o
                0x0000091e                DIO_ConfigChannel
 .text.DIO_WritePort
                0x00000a22       0x20 MCAL/DIO/src/DIO.o
                0x00000a22                DIO_WritePort
 .text.DIO_ReadPort
                0x00000a42       0x24 MCAL/DIO/src/DIO.o
                0x00000a42                DIO_ReadPort
 .text.DIO_Init
                0x00000a66      0x102 MCAL/DIO/src/DIO_CFG.o
                0x00000a66                DIO_Init
 .text.__vector_1
                0x00000b68       0x4e MCAL/Ext_Int/src/Ext_Int.o
                0x00000b68                __vector_1
 .text.__vector_2
                0x00000bb6       0x4e MCAL/Ext_Int/src/Ext_Int.o
                0x00000bb6                __vector_2
 .text.__vector_3
                0x00000c04       0x4e MCAL/Ext_Int/src/Ext_Int.o
                0x00000c04                __vector_3
 .text.GINT_EnableAllInterrupts
                0x00000c52        0x8 MCAL/GINT/src/GINT.o
                0x00000c52                GINT_EnableAllInterrupts
 .text.TIMER1_Init
                0x00000c5a       0xba MCAL/TIMER1/src/TIMER1.o
                0x00000c5a                TIMER1_Init
 .text.TIMER1_OCR1A_SetValue
                0x00000d14        0x6 MCAL/TIMER1/src/TIMER1.o
                0x00000d14                TIMER1_OCR1A_SetValue
 .text.TIMER1_OCR1B_SetValue
                0x00000d1a        0x6 MCAL/TIMER1/src/TIMER1.o
                0x00000d1a                TIMER1_OCR1B_SetValue
 .text.TIMER1_ICR1_SetValue
                0x00000d20        0x6 MCAL/TIMER1/src/TIMER1.o
                0x00000d20                TIMER1_ICR1_SetValue
 .text.avr-libc.fplib
                0x00000d26        0xe c:/program files (x86)/atmel/studio/7.0/toolchain/avr8/avr8-gnu-toolchain/bin/../lib/gcc/avr/5.4.0/../../../../avr/lib/avr5\libm.a(addsf3.o)
                0x00000d26                __subsf3
                0x00000d28                __addsf3
 .text.avr-libc.fplib
                0x00000d34       0xcc c:/program files (x86)/atmel/studio/7.0/toolchain/avr8/avr8-gnu-toolchain/bin/../lib/gcc/avr/5.4.0/../../../../avr/lib/avr5\libm.a(addsf3x.o)
                0x00000d56                __addsf3x
 .text.avr-libc.fplib
                0x00000e00        0x8 c:/program files (x86)/atmel/studio/7.0/toolchain/avr8/avr8-gnu-toolchain/bin/../lib/gcc/avr/5.4.0/../../../../avr/lib/avr5\libm.a(divsf3.o)
                0x00000e00                __divsf3
 .text.avr-libc.fplib
                0x00000e08       0xdc c:/program files (x86)/atmel/studio/7.0/toolchain/avr8/avr8-gnu-toolchain/bin/../lib/gcc/avr/5.4.0/../../../../avr/lib/avr5\libm.a(divsf3x.o)
                0x00000e28                __divsf3x
                0x00000e2e                __divsf3_pse
 .text.avr-libc.fplib
                0x00000ee4       0x5e c:/program files (x86)/atmel/studio/7.0/toolchain/avr8/avr8-gnu-toolchain/bin/../lib/gcc/avr/5.4.0/../../../../avr/lib/avr5\libm.a(fixunssfsi.o)
                0x00000ee4                __fixunssfsi
 .text.avr-libc.fplib
                0x00000f42       0x7a c:/program files (x86)/atmel/studio/7.0/toolchain/avr8/avr8-gnu-toolchain/bin/../lib/gcc/avr/5.4.0/../../../../avr/lib/avr5\libm.a(floatsisf.o)
                0x00000f42                __floatunsisf
                0x00000f46                __floatsisf
 .text.avr-libc.fplib
                0x00000fbc        0xc c:/program files (x86)/atmel/studio/7.0/toolchain/avr8/avr8-gnu-toolchain/bin/../lib/gcc/avr/5.4.0/../../../../avr/lib/avr5\libm.a(fp_inf.o)
                0x00000fbc                __fp_inf
 .text.avr-libc.fplib
                0x00000fc8        0x6 c:/program files (x86)/atmel/studio/7.0/toolchain/avr8/avr8-gnu-toolchain/bin/../lib/gcc/avr/5.4.0/../../../../avr/lib/avr5\libm.a(fp_nan.o)
                0x00000fc8                __fp_nan
 .text.avr-libc.fplib
                0x00000fce        0xe c:/program files (x86)/atmel/studio/7.0/toolchain/avr8/avr8-gnu-toolchain/bin/../lib/gcc/avr/5.4.0/../../../../avr/lib/avr5\libm.a(fp_pscA.o)
                0x00000fce                __fp_pscA
 .text.avr-libc.fplib
                0x00000fdc        0xe c:/program files (x86)/atmel/studio/7.0/toolchain/avr8/avr8-gnu-toolchain/bin/../lib/gcc/avr/5.4.0/../../../../avr/lib/avr5\libm.a(fp_pscB.o)
                0x00000fdc                __fp_pscB
 .text.avr-libc.fplib
                0x00000fea       0x22 c:/program files (x86)/atmel/studio/7.0/toolchain/avr8/avr8-gnu-toolchain/bin/../lib/gcc/avr/5.4.0/../../../../avr/lib/avr5\libm.a(fp_round.o)
                0x00000fea                __fp_round
 .text.avr-libc.fplib
                0x0000100c       0x44 c:/program files (x86)/atmel/studio/7.0/toolchain/avr8/avr8-gnu-toolchain/bin/../lib/gcc/avr/5.4.0/../../../../avr/lib/avr5\libm.a(fp_split3.o)
                0x0000100c                __fp_split3
                0x0000101c                __fp_splitA
 .text.avr-libc.fplib
                0x00001050        0xe c:/program files (x86)/atmel/studio/7.0/toolchain/avr8/avr8-gnu-toolchain/bin/../lib/gcc/avr/5.4.0/../../../../avr/lib/avr5\libm.a(fp_zero.o)
                0x00001050                __fp_zero
                0x00001052                __fp_szero
 .text.avr-libc.fplib
                0x0000105e        0x8 c:/program files (x86)/atmel/studio/7.0/toolchain/avr8/avr8-gnu-toolchain/bin/../lib/gcc/avr/5.4.0/../../../../avr/lib/avr5\libm.a(mulsf3.o)
                0x0000105e                __mulsf3
 .text.avr-libc.fplib
                0x00001066       0xd2 c:/program files (x86)/atmel/studio/7.0/toolchain/avr8/avr8-gnu-toolchain/bin/../lib/gcc/avr/5.4.0/../../../../avr/lib/avr5\libm.a(mulsf3x.o)
                0x00001084                __mulsf3x
                0x0000108a                __mulsf3_pse
 .text.avr-libc
                0x00001138       0x16 c:/program files (x86)/atmel/studio/7.0/toolchain/avr8/avr8-gnu-toolchain/bin/../lib/gcc/avr/5.4.0/../../../../avr/lib/avr5\libc.a(itoa_ncheck.o)
                0x00001138                __itoa_ncheck
 .text.avr-libc
                0x0000114e       0x34 c:/program files (x86)/atmel/studio/7.0/toolchain/avr8/avr8-gnu-toolchain/bin/../lib/gcc/avr/5.4.0/../../../../avr/lib/avr5\libc.a(utoa_ncheck.o)
                0x0000114e                __utoa_ncheck
                0x00001150                __utoa_common
 .text.avr-libc
                0x00001182       0x20 c:/program files (x86)/atmel/studio/7.0/toolchain/avr8/avr8-gnu-toolchain/bin/../lib/gcc/avr/5.4.0/../../../../avr/lib/avr5\libc.a(strrev.o)
                0x00001182                strrev
 .text.avr-libc
                0x000011a2       0x20 c:/program files (x86)/atmel/studio/7.0/toolchain/avr8/avr8-gnu-toolchain/bin/../lib/gcc/avr/5.4.0/../../../../avr/lib/avr5\libatmega32.a(eerd_block.o)
                0x000011a2                eeprom_read_block
                0x000011a6                eeprom_read_blraw
 .text.avr-libc
                0x000011c2       0x14 c:/program files (x86)/atmel/studio/7.0/toolchain/avr8/avr8-gnu-toolchain/bin/../lib/gcc/avr/5.4.0/../../../../avr/lib/avr5\libatmega32.a(eewr_block.o)
                0x000011c2                eeprom_write_block
 .text.avr-libc
                0x000011d6       0x1a c:/program files (x86)/atmel/studio/7.0/toolchain/avr8/avr8-gnu-toolchain/bin/../lib/gcc/avr/5.4.0/../../../../avr/lib/avr5\libatmega32.a(eewr_byte.o)
                0x000011d6                eeprom_write_byte
                0x000011d8                eeprom_write_r18
                0x000011f0                . = ALIGN (0x2)
 *(.fini9)
 .fini9         0x000011f0        0x0 c:/program files (x86)/atmel/studio/7.0/toolchain/avr8/avr8-gnu-toolchain/bin/../lib/gcc/avr/5.4.0/avr5\libgcc.a(_exit.o)
                0x000011f0                _exit
                0x000011f0                exit
 *(.fini9)
 *(.fini8)
 *(.fini8)
 *(.fini7)
 *(.fini7)
 *(.fini6)
 *(.fini6)
 *(.fini5)
 *(.fini5)
 *(.fini4)
 *(.fini4)
 *(.fini3)
 *(.fini3)
 *(.fini2)
 *(.fini2)
 *(.fini1)
 *(.fini1)
 *(.fini0)
 .fini0         0x000011f0        0x4 c:/program files (x86)/atmel/studio/7.0/toolchain/avr8/avr8-gnu-toolchain/bin/../lib/gcc/avr/5.4.0/avr5\libgcc.a(_exit.o)
 *(.fini0)
                0x000011f4                _etext = .

.data           0x00800060       0x46 load address 0x000011f4
                0x00800060                PROVIDE (__data_start, .)
 *(.data)
 *(.data*)
 .data.PinCfg   0x00800060       0x40 MCAL/DIO/src/DIO_CFG.o
                0x00800060                PinCfg
 *(.gnu.linkonce.d*)
 *(.rodata)
 .rodata        0x008000a0        0x5 main.o
 *(.rodata*)
 *(.gnu.linkonce.r*)
                0x008000a6                . = ALIGN (0x2)
 *fill*         0x008000a5        0x1 
                0x008000a6                _edata = .
                0x008000a6                PROVIDE (__data_end, .)

.bss            0x008000a6        0xf
                0x008000a6                PROVIDE (__bss_start, .)
 *(.bss)
 *(.bss*)
 .bss.flag      0x008000a6        0x1 main.o
                0x008000a6                flag
 .bss.buttonTimer_2
                0x008000a7        0x4 main.o
                0x008000a7                buttonTimer_2
 .bss.buttonTimer
                0x008000ab        0x4 main.o
                0x008000ab                buttonTimer
 .bss.ExtInt2FunPtr
                0x008000af        0x2 MCAL/Ext_Int/src/Ext_Int.o
                0x008000af                ExtInt2FunPtr
 .bss.ExtInt1FunPtr
                0x008000b1        0x2 MCAL/Ext_Int/src/Ext_Int.o
                0x008000b1                ExtInt1FunPtr
 .bss.ExtInt0FunPtr
                0x008000b3        0x2 MCAL/Ext_Int/src/Ext_Int.o
                0x008000b3                ExtInt0FunPtr
 *(COMMON)
                0x008000b5                PROVIDE (__bss_end, .)
                0x000011f4                __data_load_start = LOADADDR (.data)
                0x0000123a                __data_load_end = (__data_load_start + SIZEOF (.data))

.noinit         0x008000b5        0x0
                [!provide]                PROVIDE (__noinit_start, .)
 *(.noinit*)
                [!provide]                PROVIDE (__noinit_end, .)
                0x008000b5                _end = .
                [!provide]                PROVIDE (__heap_start, .)

.eeprom         0x00810000        0x0
 *(.eeprom*)
                0x00810000                __eeprom_end = .

.fuse
 *(.fuse)
 *(.lfuse)
 *(.hfuse)
 *(.efuse)

.lock
 *(.lock*)

.signature
 *(.signature*)

.user_signatures
 *(.user_signatures*)

.stab
 *(.stab)

.stabstr
 *(.stabstr)

.stab.excl
 *(.stab.excl)

.stab.exclstr
 *(.stab.exclstr)

.stab.index
 *(.stab.index)

.stab.indexstr
 *(.stab.indexstr)

.comment        0x00000000       0x30
 *(.comment)
 .comment       0x00000000       0x30 HAL/LCD/src/LCD.o
                                 0x31 (size before relaxing)
 .comment       0x00000030       0x31 HAL/PWM/src/PWM.o
 .comment       0x00000030       0x31 HAL/ServoMotor/src/ServoMotor.o
 .comment       0x00000030       0x31 main.o
 .comment       0x00000030       0x31 MCAL/ADC/src/ADC.o
 .comment       0x00000030       0x31 MCAL/DIO/src/DIO.o
 .comment       0x00000030       0x31 MCAL/DIO/src/DIO_CFG.o
 .comment       0x00000030       0x31 MCAL/Ext_Int/src/Ext_Int.o
 .comment       0x00000030       0x31 MCAL/GINT/src/GINT.o
 .comment       0x00000030       0x31 MCAL/TIMER1/src/TIMER1.o

.note.gnu.avr.deviceinfo
                0x00000000       0x3c
 .note.gnu.avr.deviceinfo
                0x00000000       0x3c c:/program files (x86)/atmel/studio/7.0/toolchain/avr8/avr8-gnu-toolchain/bin/../lib/gcc/avr/5.4.0/../../../../avr/lib/avr5/crtatmega32.o

.note.gnu.build-id
 *(.note.gnu.build-id)

.debug
 *(.debug)

.line
 *(.line)

.debug_srcinfo
 *(.debug_srcinfo)

.debug_sfnames
 *(.debug_sfnames)

.debug_aranges  0x00000000      0x220
 *(.debug_aranges)
 .debug_aranges
                0x00000000       0x50 HAL/LCD/src/LCD.o
 .debug_aranges
                0x00000050       0x28 HAL/PWM/src/PWM.o
 .debug_aranges
                0x00000078       0x20 HAL/ServoMotor/src/ServoMotor.o
 .debug_aranges
                0x00000098       0x30 main.o
 .debug_aranges
                0x000000c8       0x28 MCAL/ADC/src/ADC.o
 .debug_aranges
                0x000000f0       0x50 MCAL/DIO/src/DIO.o
 .debug_aranges
                0x00000140       0x20 MCAL/DIO/src/DIO_CFG.o
 .debug_aranges
                0x00000160       0x50 MCAL/Ext_Int/src/Ext_Int.o
 .debug_aranges
                0x000001b0       0x28 MCAL/GINT/src/GINT.o
 .debug_aranges
                0x000001d8       0x48 MCAL/TIMER1/src/TIMER1.o

.debug_pubnames
 *(.debug_pubnames)

.debug_info     0x00000000     0x2d93
 *(.debug_info .gnu.linkonce.wi.*)
 .debug_info    0x00000000      0x4e6 c:/program files (x86)/atmel/studio/7.0/toolchain/avr8/avr8-gnu-toolchain/bin/../lib/gcc/avr/5.4.0/../../../../avr/lib/avr5/crtatmega32.o
 .debug_info    0x000004e6      0x831 HAL/LCD/src/LCD.o
 .debug_info    0x00000d17      0x2ae HAL/PWM/src/PWM.o
 .debug_info    0x00000fc5      0x21c HAL/ServoMotor/src/ServoMotor.o
 .debug_info    0x000011e1      0xc61 main.o
 .debug_info    0x00001e42      0x21e MCAL/ADC/src/ADC.o
 .debug_info    0x00002060      0x3ab MCAL/DIO/src/DIO.o
 .debug_info    0x0000240b      0x24f MCAL/DIO/src/DIO_CFG.o
 .debug_info    0x0000265a      0x222 MCAL/Ext_Int/src/Ext_Int.o
 .debug_info    0x0000287c       0x8a MCAL/GINT/src/GINT.o
 .debug_info    0x00002906      0x48d MCAL/TIMER1/src/TIMER1.o

.debug_abbrev   0x00000000      0xf2b
 *(.debug_abbrev)
 .debug_abbrev  0x00000000      0x4a3 c:/program files (x86)/atmel/studio/7.0/toolchain/avr8/avr8-gnu-toolchain/bin/../lib/gcc/avr/5.4.0/../../../../avr/lib/avr5/crtatmega32.o
 .debug_abbrev  0x000004a3      0x1a9 HAL/LCD/src/LCD.o
 .debug_abbrev  0x0000064c       0xd9 HAL/PWM/src/PWM.o
 .debug_abbrev  0x00000725       0xd9 HAL/ServoMotor/src/ServoMotor.o
 .debug_abbrev  0x000007fe      0x27f main.o
 .debug_abbrev  0x00000a7d       0xf6 MCAL/ADC/src/ADC.o
 .debug_abbrev  0x00000b73       0xdd MCAL/DIO/src/DIO.o
 .debug_abbrev  0x00000c50       0xbb MCAL/DIO/src/DIO_CFG.o
 .debug_abbrev  0x00000d0b       0xcf MCAL/Ext_Int/src/Ext_Int.o
 .debug_abbrev  0x00000dda       0x46 MCAL/GINT/src/GINT.o
 .debug_abbrev  0x00000e20      0x10b MCAL/TIMER1/src/TIMER1.o

.debug_line     0x00000000     0x12a9
 *(.debug_line .debug_line.* .debug_line_end)
 .debug_line    0x00000000       0x1a c:/program files (x86)/atmel/studio/7.0/toolchain/avr8/avr8-gnu-toolchain/bin/../lib/gcc/avr/5.4.0/../../../../avr/lib/avr5/crtatmega32.o
 .debug_line    0x0000001a      0x33a HAL/LCD/src/LCD.o
 .debug_line    0x00000354       0xeb HAL/PWM/src/PWM.o
 .debug_line    0x0000043f       0xd1 HAL/ServoMotor/src/ServoMotor.o
 .debug_line    0x00000510      0x562 main.o
 .debug_line    0x00000a72       0xcb MCAL/ADC/src/ADC.o
 .debug_line    0x00000b3d      0x2ac MCAL/DIO/src/DIO.o
 .debug_line    0x00000de9      0x102 MCAL/DIO/src/DIO_CFG.o
 .debug_line    0x00000eeb      0x1ba MCAL/Ext_Int/src/Ext_Int.o
 .debug_line    0x000010a5       0x79 MCAL/GINT/src/GINT.o
 .debug_line    0x0000111e      0x18b MCAL/TIMER1/src/TIMER1.o

.debug_frame    0x00000000      0x4ac
 *(.debug_frame)
 .debug_frame   0x00000000       0xb8 HAL/LCD/src/LCD.o
 .debug_frame   0x000000b8       0x44 HAL/PWM/src/PWM.o
 .debug_frame   0x000000fc       0x38 HAL/ServoMotor/src/ServoMotor.o
 .debug_frame   0x00000134       0x98 main.o
 .debug_frame   0x000001cc       0x34 MCAL/ADC/src/ADC.o
 .debug_frame   0x00000200       0x84 MCAL/DIO/src/DIO.o
 .debug_frame   0x00000284       0x24 MCAL/DIO/src/DIO_CFG.o
 .debug_frame   0x000002a8      0x15c MCAL/Ext_Int/src/Ext_Int.o
 .debug_frame   0x00000404       0x34 MCAL/GINT/src/GINT.o
 .debug_frame   0x00000438       0x74 MCAL/TIMER1/src/TIMER1.o

.debug_str      0x00000000      0xf1c
 *(.debug_str)
 .debug_str     0x00000000      0x196 c:/program files (x86)/atmel/studio/7.0/toolchain/avr8/avr8-gnu-toolchain/bin/../lib/gcc/avr/5.4.0/../../../../avr/lib/avr5/crtatmega32.o
 .debug_str     0x00000196      0x424 HAL/LCD/src/LCD.o
                                0x45d (size before relaxing)
 .debug_str     0x000005ba       0xc8 HAL/PWM/src/PWM.o
                                0x3e9 (size before relaxing)
 .debug_str     0x00000682       0x34 HAL/ServoMotor/src/ServoMotor.o
                                0x3bb (size before relaxing)
 .debug_str     0x000006b6      0x46c main.o
                                0x862 (size before relaxing)
 .debug_str     0x00000b22       0x4c MCAL/ADC/src/ADC.o
                                0x326 (size before relaxing)
 .debug_str     0x00000b6e       0x98 MCAL/DIO/src/DIO.o
                                0x435 (size before relaxing)
 .debug_str     0x00000c06       0x2b MCAL/DIO/src/DIO_CFG.o
                                0x3c4 (size before relaxing)
 .debug_str     0x00000c31      0x149 MCAL/Ext_Int/src/Ext_Int.o
                                0x2af (size before relaxing)
 .debug_str     0x00000d7a       0x32 MCAL/GINT/src/GINT.o
                                0x16e (size before relaxing)
 .debug_str     0x00000dac      0x170 MCAL/TIMER1/src/TIMER1.o
                                0x4d5 (size before relaxing)

.debug_loc      0x00000000     0x1811
 *(.debug_loc)
 .debug_loc     0x00000000      0x5a4 HAL/LCD/src/LCD.o
 .debug_loc     0x000005a4      0x162 HAL/PWM/src/PWM.o
 .debug_loc     0x00000706       0xee HAL/ServoMotor/src/ServoMotor.o
 .debug_loc     0x000007f4      0x2f0 main.o
 .debug_loc     0x00000ae4       0xa3 MCAL/ADC/src/ADC.o
 .debug_loc     0x00000b87      0x776 MCAL/DIO/src/DIO.o
 .debug_loc     0x000012fd      0x134 MCAL/DIO/src/DIO_CFG.o
 .debug_loc     0x00001431      0x3b8 MCAL/Ext_Int/src/Ext_Int.o
 .debug_loc     0x000017e9       0x28 MCAL/TIMER1/src/TIMER1.o

.debug_macinfo
 *(.debug_macinfo)

.debug_weaknames
 *(.debug_weaknames)

.debug_funcnames
 *(.debug_funcnames)

.debug_typenames
 *(.debug_typenames)

.debug_varnames
 *(.debug_varnames)

.debug_pubtypes
 *(.debug_pubtypes)

.debug_ranges   0x00000000      0x1b0
 *(.debug_ranges)
 .debug_ranges  0x00000000       0x40 HAL/LCD/src/LCD.o
 .debug_ranges  0x00000040       0x18 HAL/PWM/src/PWM.o
 .debug_ranges  0x00000058       0x10 HAL/ServoMotor/src/ServoMotor.o
 .debug_ranges  0x00000068       0x50 main.o
 .debug_ranges  0x000000b8       0x18 MCAL/ADC/src/ADC.o
 .debug_ranges  0x000000d0       0x40 MCAL/DIO/src/DIO.o
 .debug_ranges  0x00000110       0x10 MCAL/DIO/src/DIO_CFG.o
 .debug_ranges  0x00000120       0x40 MCAL/Ext_Int/src/Ext_Int.o
 .debug_ranges  0x00000160       0x18 MCAL/GINT/src/GINT.o
 .debug_ranges  0x00000178       0x38 MCAL/TIMER1/src/TIMER1.o

.debug_macro
 *(.debug_macro)
OUTPUT(D45_Interfacing.elf elf32-avr)
LOAD linker stubs
